// Jest Snapshot v1, https://goo.gl/fbAQLP

exports[`rendering testing renders without error 1`] = `"<div class=\\"form-group bmd-form-group\\"><label class=\\"control-label bmd-label-static\\" for=\\"the-textarea\\">the textarea</label><textarea name=\\"the-textarea\\" id=\\"the-textarea\\" data-test=\\"textarea-node\\" rows=\\"1\\" class=\\"form-control\\">Some big text</textarea></div>"`;
